// Jest Snapshot v1, https://goo.gl/fbAQLP

exports[`Search renders as designed 1`] = `
<div>
  <h3>
    Search Component
  </h3>
  <form
    className="search-form"
    onSubmit={[Function]}
  >
    <label>
      Search For: 
      <input
        onChange={[Function]}
        value=""
      />
    </label>
    <button>
      Search
    </button>
  </form>
</div>
`;
